Archive member included to satisfy reference by file (symbol)

c:/intelfpga_lite/18.1/nios2eds/bin/gnu/h-x86_64-mingw32/bin/../lib/gcc/nios2-elf/5.3.0/mno-hw-mul\libgcc.a(lib2-divmod.o)
                              obj/default/hello_world_small.o (__modsi3)
c:/intelfpga_lite/18.1/nios2eds/bin/gnu/h-x86_64-mingw32/bin/../lib/gcc/nios2-elf/5.3.0/../../../../../H-x86_64-mingw32/nios2-elf/lib/mno-hw-mul\libsmallc.a(lib_a-sprintf.o)
                              obj/default/hello_world_small.o (sprintf)
c:/intelfpga_lite/18.1/nios2eds/bin/gnu/h-x86_64-mingw32/bin/../lib/gcc/nios2-elf/5.3.0/../../../../../H-x86_64-mingw32/nios2-elf/lib/mno-hw-mul\libsmallc.a(lib_a-strcpy.o)
                              obj/default/hello_world_small.o (strcpy)
c:/intelfpga_lite/18.1/nios2eds/bin/gnu/h-x86_64-mingw32/bin/../lib/gcc/nios2-elf/5.3.0/../../../../../H-x86_64-mingw32/nios2-elf/lib/mno-hw-mul\libsmallc.a(lib_a-strlen.o)
                              obj/default/hello_world_small.o (strlen)
c:/intelfpga_lite/18.1/nios2eds/bin/gnu/h-x86_64-mingw32/bin/../lib/gcc/nios2-elf/5.3.0/../../../../../H-x86_64-mingw32/nios2-elf/lib/mno-hw-mul\libsmallc.a(lib_a-svfprintf.o)
                              c:/intelfpga_lite/18.1/nios2eds/bin/gnu/h-x86_64-mingw32/bin/../lib/gcc/nios2-elf/5.3.0/../../../../../H-x86_64-mingw32/nios2-elf/lib/mno-hw-mul\libsmallc.a(lib_a-sprintf.o) (___svfprintf_internal_r)
c:/intelfpga_lite/18.1/nios2eds/bin/gnu/h-x86_64-mingw32/bin/../lib/gcc/nios2-elf/5.3.0/../../../../../H-x86_64-mingw32/nios2-elf/lib/mno-hw-mul\libsmallc.a(lib_a-fvwrite_small_str.o)
                              c:/intelfpga_lite/18.1/nios2eds/bin/gnu/h-x86_64-mingw32/bin/../lib/gcc/nios2-elf/5.3.0/../../../../../H-x86_64-mingw32/nios2-elf/lib/mno-hw-mul\libsmallc.a(lib_a-sprintf.o) (__sfvwrite_small_str)
c:/intelfpga_lite/18.1/nios2eds/bin/gnu/h-x86_64-mingw32/bin/../lib/gcc/nios2-elf/5.3.0/../../../../../H-x86_64-mingw32/nios2-elf/lib/mno-hw-mul\libsmallc.a(lib_a-impure.o)
                              c:/intelfpga_lite/18.1/nios2eds/bin/gnu/h-x86_64-mingw32/bin/../lib/gcc/nios2-elf/5.3.0/../../../../../H-x86_64-mingw32/nios2-elf/lib/mno-hw-mul\libsmallc.a(lib_a-sprintf.o) (_impure_ptr)
c:/intelfpga_lite/18.1/nios2eds/bin/gnu/h-x86_64-mingw32/bin/../lib/gcc/nios2-elf/5.3.0/../../../../../H-x86_64-mingw32/nios2-elf/lib/mno-hw-mul\libsmallc.a(lib_a-memmove.o)
                              c:/intelfpga_lite/18.1/nios2eds/bin/gnu/h-x86_64-mingw32/bin/../lib/gcc/nios2-elf/5.3.0/../../../../../H-x86_64-mingw32/nios2-elf/lib/mno-hw-mul\libsmallc.a(lib_a-fvwrite_small_str.o) (memmove)
c:/intelfpga_lite/18.1/nios2eds/bin/gnu/h-x86_64-mingw32/bin/../lib/gcc/nios2-elf/5.3.0/mno-hw-mul\libgcc.a(lib2-mul.o)
                              c:/intelfpga_lite/18.1/nios2eds/bin/gnu/h-x86_64-mingw32/bin/../lib/gcc/nios2-elf/5.3.0/../../../../../H-x86_64-mingw32/nios2-elf/lib/mno-hw-mul\libsmallc.a(lib_a-svfprintf.o) (__mulsi3)
../speech_rec_bsp/\libhal_bsp.a(alt_getchar.o)
                              obj/default/hello_world_small.o (alt_getchar)
../speech_rec_bsp/\libhal_bsp.a(alt_load.o)
                              ../speech_rec_bsp//obj/HAL/src/crt0.o (alt_load)
../speech_rec_bsp/\libhal_bsp.a(alt_main.o)
                              ../speech_rec_bsp//obj/HAL/src/crt0.o (alt_main)
../speech_rec_bsp/\libhal_bsp.a(alt_putstr.o)
                              obj/default/hello_world_small.o (alt_putstr)
../speech_rec_bsp/\libhal_bsp.a(alt_sys_init.o)
                              ../speech_rec_bsp/\libhal_bsp.a(alt_main.o) (alt_irq_init)
../speech_rec_bsp/\libhal_bsp.a(altera_avalon_jtag_uart_read.o)
                              ../speech_rec_bsp/\libhal_bsp.a(alt_getchar.o) (altera_avalon_jtag_uart_read)
../speech_rec_bsp/\libhal_bsp.a(altera_avalon_jtag_uart_write.o)
                              ../speech_rec_bsp/\libhal_bsp.a(alt_putstr.o) (altera_avalon_jtag_uart_write)
../speech_rec_bsp/\libhal_bsp.a(alt_dcache_flush_all.o)
                              ../speech_rec_bsp/\libhal_bsp.a(alt_load.o) (alt_dcache_flush_all)
../speech_rec_bsp/\libhal_bsp.a(alt_dev.o)
                              ../speech_rec_bsp/\libhal_bsp.a(alt_getchar.o) (alt_fd_list)
../speech_rec_bsp/\libhal_bsp.a(alt_icache_flush_all.o)
                              ../speech_rec_bsp/\libhal_bsp.a(alt_load.o) (alt_icache_flush_all)
../speech_rec_bsp/\libhal_bsp.a(altera_nios2_gen2_irq.o)
                              ../speech_rec_bsp/\libhal_bsp.a(alt_sys_init.o) (altera_nios2_gen2_irq_init)

Allocating common symbols
Common symbol       size              file

pause               0x4               obj/default/hello_world_small.o
dancing             0x4               obj/default/hello_world_small.o
disp_off            0x4               obj/default/hello_world_small.o
reverse             0x4               obj/default/hello_world_small.o
prevLetter          0x1               obj/default/hello_world_small.o
flag                0x4               obj/default/hello_world_small.o
length              0x4               obj/default/hello_world_small.o
text                0x200             obj/default/hello_world_small.o
dance_dir           0x4               obj/default/hello_world_small.o
slowdown_toggle     0x4               obj/default/hello_world_small.o
enteredText         0x100             obj/default/hello_world_small.o
toggle              0x4               obj/default/hello_world_small.o
speedup_toggle      0x4               obj/default/hello_world_small.o
upsideDown          0x4               obj/default/hello_world_small.o
dance_state         0x4               obj/default/hello_world_small.o
re_enter            0x4               obj/default/hello_world_small.o

Memory Configuration

Name             Origin             Length             Attributes
reset            0x0000000000010000 0x0000000000000020
onchip_memory    0x0000000000010020 0x000000000000ffe0
*default*        0x0000000000000000 0xffffffffffffffff

Linker script and memory map

LOAD ../speech_rec_bsp//obj/HAL/src/crt0.o
LOAD obj/default/hello_world_small.o
LOAD c:/intelfpga_lite/18.1/nios2eds/bin/gnu/h-x86_64-mingw32/bin/../lib/gcc/nios2-elf/5.3.0/../../../../../H-x86_64-mingw32/nios2-elf/lib/mno-hw-mul\libstdc++.a
LOAD c:/intelfpga_lite/18.1/nios2eds/bin/gnu/h-x86_64-mingw32/bin/../lib/gcc/nios2-elf/5.3.0/../../../../../H-x86_64-mingw32/nios2-elf/lib/mno-hw-mul\libm.a
LOAD c:/intelfpga_lite/18.1/nios2eds/bin/gnu/h-x86_64-mingw32/bin/../lib/gcc/nios2-elf/5.3.0/mno-hw-mul\libgcc.a
START GROUP
LOAD c:/intelfpga_lite/18.1/nios2eds/bin/gnu/h-x86_64-mingw32/bin/../lib/gcc/nios2-elf/5.3.0/../../../../../H-x86_64-mingw32/nios2-elf/lib/mno-hw-mul\libsmallc.a
LOAD c:/intelfpga_lite/18.1/nios2eds/bin/gnu/h-x86_64-mingw32/bin/../lib/gcc/nios2-elf/5.3.0/mno-hw-mul\libgcc.a
LOAD ../speech_rec_bsp/\libhal_bsp.a
LOAD c:/intelfpga_lite/18.1/nios2eds/bin/gnu/h-x86_64-mingw32/bin/../lib/gcc/nios2-elf/5.3.0/../../../../../H-x86_64-mingw32/nios2-elf/lib/mno-hw-mul\libm.a
END GROUP
LOAD c:/intelfpga_lite/18.1/nios2eds/bin/gnu/h-x86_64-mingw32/bin/../lib/gcc/nios2-elf/5.3.0/mno-hw-mul\libgcc.a
                0x0000000000010000                __alt_mem_onchip_memory = 0x10000

.entry          0x0000000000010000       0x20
 *(.entry)
 .entry         0x0000000000010000       0x20 ../speech_rec_bsp//obj/HAL/src/crt0.o
                0x0000000000010000                __reset
                0x000000000001000c                _exit

.exceptions     0x0000000000010020        0x0
                0x0000000000010020                PROVIDE (__ram_exceptions_start, ABSOLUTE (.))
                0x0000000000010020                . = ALIGN (0x20)
 *(.irq)
 *(.exceptions.entry.label)
 *(.exceptions.entry.user)
 *(.exceptions.entry.ecc_fatal)
 *(.exceptions.entry)
 *(.exceptions.irqtest.user)
 *(.exceptions.irqtest)
 *(.exceptions.irqhandler.user)
 *(.exceptions.irqhandler)
 *(.exceptions.irqreturn.user)
 *(.exceptions.irqreturn)
 *(.exceptions.notirq.label)
 *(.exceptions.notirq.user)
 *(.exceptions.notirq)
 *(.exceptions.soft.user)
 *(.exceptions.soft)
 *(.exceptions.unknown.user)
 *(.exceptions.unknown)
 *(.exceptions.exit.label)
 *(.exceptions.exit.user)
 *(.exceptions.exit)
 *(.exceptions)
                0x0000000000010020                PROVIDE (__ram_exceptions_end, ABSOLUTE (.))
                0x0000000000010020                PROVIDE (__flash_exceptions_start, LOADADDR (.exceptions))

.text           0x0000000000010020     0x1894
                [!provide]                        PROVIDE (stext, ABSOLUTE (.))
 *(.interp)
 *(.hash)
 *(.dynsym)
 *(.dynstr)
 *(.gnu.version)
 *(.gnu.version_d)
 *(.gnu.version_r)
 *(.rel.init)
 *(.rela.init)
 *(.rel.text .rel.text.* .rel.gnu.linkonce.t.*)
 *(.rela.text .rela.text.* .rela.gnu.linkonce.t.*)
 *(.rel.fini)
 *(.rela.fini)
 *(.rel.rodata .rel.rodata.* .rel.gnu.linkonce.r.*)
 *(.rela.rodata .rela.rodata.* .rela.gnu.linkonce.r.*)
 *(.rel.data .rel.data.* .rel.gnu.linkonce.d.*)
 *(.rela.data .rela.data.* .rela.gnu.linkonce.d.*)
 *(.rel.tdata .rel.tdata.* .rel.gnu.linkonce.td.*)
 *(.rela.tdata .rela.tdata.* .rela.gnu.linkonce.td.*)
 *(.rel.tbss .rel.tbss.* .rel.gnu.linkonce.tb.*)
 *(.rela.tbss .rela.tbss.* .rela.gnu.linkonce.tb.*)
 *(.rel.ctors)
 *(.rela.ctors)
 *(.rel.dtors)
 *(.rela.dtors)
 *(.rel.got)
 *(.rela.got)
 *(.rel.sdata .rel.sdata.* .rel.gnu.linkonce.s.*)
 *(.rela.sdata .rela.sdata.* .rela.gnu.linkonce.s.*)
 *(.rel.sbss .rel.sbss.* .rel.gnu.linkonce.sb.*)
 *(.rela.sbss .rela.sbss.* .rela.gnu.linkonce.sb.*)
 *(.rel.sdata2 .rel.sdata2.* .rel.gnu.linkonce.s2.*)
 *(.rela.sdata2 .rela.sdata2.* .rela.gnu.linkonce.s2.*)
 *(.rel.sbss2 .rel.sbss2.* .rel.gnu.linkonce.sb2.*)
 *(.rela.sbss2 .rela.sbss2.* .rela.gnu.linkonce.sb2.*)
 *(.rel.bss .rel.bss.* .rel.gnu.linkonce.b.*)
 *(.rela.bss .rela.bss.* .rela.gnu.linkonce.b.*)
 *(.rel.plt)
 *(.rela.plt)
 *(.rel.dyn)
 *(.init)
 *(.plt)
 *(.text .stub .text.* .gnu.linkonce.t.*)
 .text          0x0000000000010020       0x3c ../speech_rec_bsp//obj/HAL/src/crt0.o
                0x0000000000010020                _start
 .text          0x000000000001005c      0xae8 obj/default/hello_world_small.o
                0x000000000001005c                checkInferenceResult
                0x0000000000010070                getTxt
                0x00000000000100f8                getActualText
                0x0000000000010198                updateText
                0x0000000000010200                initializeDisplay
                0x00000000000102d0                clearActualText
                0x00000000000102f8                displayPredefinedWord
                0x0000000000010434                updateTimer
                0x000000000001045c                updateLocation
                0x0000000000010518                updatePBState
                0x00000000000106a8                getBin
                0x00000000000106d4                getBinaryLetter
                0x0000000000010750                getBinLowLow
                0x0000000000010784                getBinLow
                0x00000000000107d8                getBinHigh
                0x000000000001082c                getBinHighHigh
                0x0000000000010860                print
                0x00000000000108b0                print_letters
 .text.startup  0x0000000000010b44      0x160 obj/default/hello_world_small.o
                0x0000000000010b44                main
 .text          0x0000000000010ca4      0x1b4 c:/intelfpga_lite/18.1/nios2eds/bin/gnu/h-x86_64-mingw32/bin/../lib/gcc/nios2-elf/5.3.0/mno-hw-mul\libgcc.a(lib2-divmod.o)
                0x0000000000010ca4                __divsi3
                0x0000000000010d28                __modsi3
                0x0000000000010d9c                __udivsi3
                0x0000000000010e00                __umodsi3
 .text          0x0000000000010e58        0x0 c:/intelfpga_lite/18.1/nios2eds/bin/gnu/h-x86_64-mingw32/bin/../lib/gcc/nios2-elf/5.3.0/../../../../../H-x86_64-mingw32/nios2-elf/lib/mno-hw-mul\libsmallc.a(lib_a-sprintf.o)
 .text._sprintf_r
                0x0000000000010e58       0x64 c:/intelfpga_lite/18.1/nios2eds/bin/gnu/h-x86_64-mingw32/bin/../lib/gcc/nios2-elf/5.3.0/../../../../../H-x86_64-mingw32/nios2-elf/lib/mno-hw-mul\libsmallc.a(lib_a-sprintf.o)
                0x0000000000010e58                _sprintf_r
 .text.sprintf  0x0000000000010ebc       0x78 c:/intelfpga_lite/18.1/nios2eds/bin/gnu/h-x86_64-mingw32/bin/../lib/gcc/nios2-elf/5.3.0/../../../../../H-x86_64-mingw32/nios2-elf/lib/mno-hw-mul\libsmallc.a(lib_a-sprintf.o)
                0x0000000000010ebc                sprintf
 .text          0x0000000000010f34        0x0 c:/intelfpga_lite/18.1/nios2eds/bin/gnu/h-x86_64-mingw32/bin/../lib/gcc/nios2-elf/5.3.0/../../../../../H-x86_64-mingw32/nios2-elf/lib/mno-hw-mul\libsmallc.a(lib_a-strcpy.o)
 .text.strcpy   0x0000000000010f34       0x2c c:/intelfpga_lite/18.1/nios2eds/bin/gnu/h-x86_64-mingw32/bin/../lib/gcc/nios2-elf/5.3.0/../../../../../H-x86_64-mingw32/nios2-elf/lib/mno-hw-mul\libsmallc.a(lib_a-strcpy.o)
                0x0000000000010f34                strcpy
 .text          0x0000000000010f60        0x0 c:/intelfpga_lite/18.1/nios2eds/bin/gnu/h-x86_64-mingw32/bin/../lib/gcc/nios2-elf/5.3.0/../../../../../H-x86_64-mingw32/nios2-elf/lib/mno-hw-mul\libsmallc.a(lib_a-strlen.o)
 .text.strlen   0x0000000000010f60       0x1c c:/intelfpga_lite/18.1/nios2eds/bin/gnu/h-x86_64-mingw32/bin/../lib/gcc/nios2-elf/5.3.0/../../../../../H-x86_64-mingw32/nios2-elf/lib/mno-hw-mul\libsmallc.a(lib_a-strlen.o)
                0x0000000000010f60                strlen
 .text          0x0000000000010f7c        0x0 c:/intelfpga_lite/18.1/nios2eds/bin/gnu/h-x86_64-mingw32/bin/../lib/gcc/nios2-elf/5.3.0/../../../../../H-x86_64-mingw32/nios2-elf/lib/mno-hw-mul\libsmallc.a(lib_a-svfprintf.o)
 .text.print_repeat
                0x0000000000010f7c       0x6c c:/intelfpga_lite/18.1/nios2eds/bin/gnu/h-x86_64-mingw32/bin/../lib/gcc/nios2-elf/5.3.0/../../../../../H-x86_64-mingw32/nios2-elf/lib/mno-hw-mul\libsmallc.a(lib_a-svfprintf.o)
 .text.___svfprintf_internal_r
                0x0000000000010fe8      0x52c c:/intelfpga_lite/18.1/nios2eds/bin/gnu/h-x86_64-mingw32/bin/../lib/gcc/nios2-elf/5.3.0/../../../../../H-x86_64-mingw32/nios2-elf/lib/mno-hw-mul\libsmallc.a(lib_a-svfprintf.o)
                0x0000000000010fe8                ___svfprintf_internal_r
 .text.__vfprintf_internal_unused
                0x0000000000011514       0x1c c:/intelfpga_lite/18.1/nios2eds/bin/gnu/h-x86_64-mingw32/bin/../lib/gcc/nios2-elf/5.3.0/../../../../../H-x86_64-mingw32/nios2-elf/lib/mno-hw-mul\libsmallc.a(lib_a-svfprintf.o)
                0x0000000000011514                __vfprintf_internal_unused
 .text          0x0000000000011530        0x0 c:/intelfpga_lite/18.1/nios2eds/bin/gnu/h-x86_64-mingw32/bin/../lib/gcc/nios2-elf/5.3.0/../../../../../H-x86_64-mingw32/nios2-elf/lib/mno-hw-mul\libsmallc.a(lib_a-fvwrite_small_str.o)
 .text.__sfvwrite_small_str
                0x0000000000011530       0xa8 c:/intelfpga_lite/18.1/nios2eds/bin/gnu/h-x86_64-mingw32/bin/../lib/gcc/nios2-elf/5.3.0/../../../../../H-x86_64-mingw32/nios2-elf/lib/mno-hw-mul\libsmallc.a(lib_a-fvwrite_small_str.o)
                0x0000000000011530                __sfvwrite_small_str
 .text          0x00000000000115d8        0x0 c:/intelfpga_lite/18.1/nios2eds/bin/gnu/h-x86_64-mingw32/bin/../lib/gcc/nios2-elf/5.3.0/../../../../../H-x86_64-mingw32/nios2-elf/lib/mno-hw-mul\libsmallc.a(lib_a-impure.o)
 .text          0x00000000000115d8        0x0 c:/intelfpga_lite/18.1/nios2eds/bin/gnu/h-x86_64-mingw32/bin/../lib/gcc/nios2-elf/5.3.0/../../../../../H-x86_64-mingw32/nios2-elf/lib/mno-hw-mul\libsmallc.a(lib_a-memmove.o)
 .text.memmove  0x00000000000115d8       0x60 c:/intelfpga_lite/18.1/nios2eds/bin/gnu/h-x86_64-mingw32/bin/../lib/gcc/nios2-elf/5.3.0/../../../../../H-x86_64-mingw32/nios2-elf/lib/mno-hw-mul\libsmallc.a(lib_a-memmove.o)
                0x00000000000115d8                memmove
 .text          0x0000000000011638       0x28 c:/intelfpga_lite/18.1/nios2eds/bin/gnu/h-x86_64-mingw32/bin/../lib/gcc/nios2-elf/5.3.0/mno-hw-mul\libgcc.a(lib2-mul.o)
                0x0000000000011638                __mulsi3
 .text          0x0000000000011660       0x44 ../speech_rec_bsp/\libhal_bsp.a(alt_getchar.o)
                0x0000000000011660                alt_getchar
 .text          0x00000000000116a4       0xe0 ../speech_rec_bsp/\libhal_bsp.a(alt_load.o)
                0x00000000000116a4                alt_load
 .text          0x0000000000011784       0x2c ../speech_rec_bsp/\libhal_bsp.a(alt_main.o)
                0x0000000000011784                alt_main
 .text          0x00000000000117b0       0x38 ../speech_rec_bsp/\libhal_bsp.a(alt_putstr.o)
                0x00000000000117b0                alt_putstr
 .text          0x00000000000117e8       0x24 ../speech_rec_bsp/\libhal_bsp.a(alt_sys_init.o)
                0x00000000000117e8                alt_irq_init
                0x0000000000011808                alt_sys_init
 .text          0x000000000001180c       0x5c ../speech_rec_bsp/\libhal_bsp.a(altera_avalon_jtag_uart_read.o)
                0x000000000001180c                altera_avalon_jtag_uart_read
 .text          0x0000000000011868       0x34 ../speech_rec_bsp/\libhal_bsp.a(altera_avalon_jtag_uart_write.o)
                0x0000000000011868                altera_avalon_jtag_uart_write
 .text          0x000000000001189c        0x4 ../speech_rec_bsp/\libhal_bsp.a(alt_dcache_flush_all.o)
                0x000000000001189c                alt_dcache_flush_all
 .text          0x00000000000118a0        0x8 ../speech_rec_bsp/\libhal_bsp.a(alt_dev.o)
 .text          0x00000000000118a8        0x4 ../speech_rec_bsp/\libhal_bsp.a(alt_icache_flush_all.o)
                0x00000000000118a8                alt_icache_flush_all
 .text          0x00000000000118ac        0x8 ../speech_rec_bsp/\libhal_bsp.a(altera_nios2_gen2_irq.o)
                0x00000000000118ac                altera_nios2_gen2_irq_init
 *(.gnu.warning.*)
 *(.fini)
                [!provide]                        PROVIDE (__etext, ABSOLUTE (.))
                [!provide]                        PROVIDE (_etext, ABSOLUTE (.))
                [!provide]                        PROVIDE (etext, ABSOLUTE (.))
 *(.eh_frame_hdr)
                0x00000000000118b4                . = ALIGN (0x4)
                [!provide]                        PROVIDE (__preinit_array_start, ABSOLUTE (.))
 *(.preinit_array)
                [!provide]                        PROVIDE (__preinit_array_end, ABSOLUTE (.))
                [!provide]                        PROVIDE (__init_array_start, ABSOLUTE (.))
 *(.init_array)
                [!provide]                        PROVIDE (__init_array_end, ABSOLUTE (.))
                [!provide]                        PROVIDE (__fini_array_start, ABSOLUTE (.))
 *(.fini_array)
                [!provide]                        PROVIDE (__fini_array_end, ABSOLUTE (.))
 *(.eh_frame)
 *(.gcc_except_table .gcc_except_table.*)
 *(.dynamic)
                [!provide]                        PROVIDE (__CTOR_LIST__, ABSOLUTE (.))
 *(.ctors)
 *(SORT(.ctors.*))
                [!provide]                        PROVIDE (__CTOR_END__, ABSOLUTE (.))
                [!provide]                        PROVIDE (__DTOR_LIST__, ABSOLUTE (.))
 *(.dtors)
 *(SORT(.dtors.*))
                [!provide]                        PROVIDE (__DTOR_END__, ABSOLUTE (.))
 *(.jcr)
                0x00000000000118b4                . = ALIGN (0x4)

.rodata         0x00000000000118b4      0x2ac
                0x00000000000118b4                PROVIDE (__ram_rodata_start, ABSOLUTE (.))
                0x00000000000118b4                . = ALIGN (0x4)
 *(.rodata .rodata.* .gnu.linkonce.r.*)
 .rodata.str1.4
                0x00000000000118b4      0x275 obj/default/hello_world_small.o
                                        0x279 (size before relaxing)
 .rodata        0x0000000000011b29       0x2b obj/default/hello_world_small.o
 .rodata.str1.4
                0x0000000000011b54        0xc ../speech_rec_bsp/\libhal_bsp.a(alt_dev.o)
                                          0xa (size before relaxing)
 *(.rodata1)
                0x0000000000011b60                . = ALIGN (0x4)
                0x0000000000011b60                PROVIDE (__ram_rodata_end, ABSOLUTE (.))
                0x00000000000118b4                PROVIDE (__flash_rodata_start, LOADADDR (.rodata))

.rwdata         0x0000000000011b60      0x15c load address 0x0000000000011cbc
                0x0000000000011b60                PROVIDE (__ram_rwdata_start, ABSOLUTE (.))
                0x0000000000011b60                . = ALIGN (0x4)
 *(.got.plt)
 *(.got)
 *(.data1)
 *(.data .data.* .gnu.linkonce.d.*)
 .data          0x0000000000011b60        0x0 ../speech_rec_bsp//obj/HAL/src/crt0.o
 .data          0x0000000000011b60        0x0 obj/default/hello_world_small.o
 .data          0x0000000000011b60        0x0 c:/intelfpga_lite/18.1/nios2eds/bin/gnu/h-x86_64-mingw32/bin/../lib/gcc/nios2-elf/5.3.0/mno-hw-mul\libgcc.a(lib2-divmod.o)
 .data          0x0000000000011b60        0x0 c:/intelfpga_lite/18.1/nios2eds/bin/gnu/h-x86_64-mingw32/bin/../lib/gcc/nios2-elf/5.3.0/../../../../../H-x86_64-mingw32/nios2-elf/lib/mno-hw-mul\libsmallc.a(lib_a-sprintf.o)
 .data          0x0000000000011b60        0x0 c:/intelfpga_lite/18.1/nios2eds/bin/gnu/h-x86_64-mingw32/bin/../lib/gcc/nios2-elf/5.3.0/../../../../../H-x86_64-mingw32/nios2-elf/lib/mno-hw-mul\libsmallc.a(lib_a-strcpy.o)
 .data          0x0000000000011b60        0x0 c:/intelfpga_lite/18.1/nios2eds/bin/gnu/h-x86_64-mingw32/bin/../lib/gcc/nios2-elf/5.3.0/../../../../../H-x86_64-mingw32/nios2-elf/lib/mno-hw-mul\libsmallc.a(lib_a-strlen.o)
 .data          0x0000000000011b60        0x0 c:/intelfpga_lite/18.1/nios2eds/bin/gnu/h-x86_64-mingw32/bin/../lib/gcc/nios2-elf/5.3.0/../../../../../H-x86_64-mingw32/nios2-elf/lib/mno-hw-mul\libsmallc.a(lib_a-svfprintf.o)
 .data          0x0000000000011b60        0x0 c:/intelfpga_lite/18.1/nios2eds/bin/gnu/h-x86_64-mingw32/bin/../lib/gcc/nios2-elf/5.3.0/../../../../../H-x86_64-mingw32/nios2-elf/lib/mno-hw-mul\libsmallc.a(lib_a-fvwrite_small_str.o)
 .data          0x0000000000011b60        0x0 c:/intelfpga_lite/18.1/nios2eds/bin/gnu/h-x86_64-mingw32/bin/../lib/gcc/nios2-elf/5.3.0/../../../../../H-x86_64-mingw32/nios2-elf/lib/mno-hw-mul\libsmallc.a(lib_a-impure.o)
 .data.impure_data
                0x0000000000011b60       0xe0 c:/intelfpga_lite/18.1/nios2eds/bin/gnu/h-x86_64-mingw32/bin/../lib/gcc/nios2-elf/5.3.0/../../../../../H-x86_64-mingw32/nios2-elf/lib/mno-hw-mul\libsmallc.a(lib_a-impure.o)
 .data          0x0000000000011c40        0x0 c:/intelfpga_lite/18.1/nios2eds/bin/gnu/h-x86_64-mingw32/bin/../lib/gcc/nios2-elf/5.3.0/../../../../../H-x86_64-mingw32/nios2-elf/lib/mno-hw-mul\libsmallc.a(lib_a-memmove.o)
 .data          0x0000000000011c40        0x0 c:/intelfpga_lite/18.1/nios2eds/bin/gnu/h-x86_64-mingw32/bin/../lib/gcc/nios2-elf/5.3.0/mno-hw-mul\libgcc.a(lib2-mul.o)
 .data          0x0000000000011c40        0x0 ../speech_rec_bsp/\libhal_bsp.a(alt_getchar.o)
 .data          0x0000000000011c40        0x0 ../speech_rec_bsp/\libhal_bsp.a(alt_load.o)
 .data          0x0000000000011c40        0x0 ../speech_rec_bsp/\libhal_bsp.a(alt_main.o)
 .data          0x0000000000011c40        0x0 ../speech_rec_bsp/\libhal_bsp.a(alt_putstr.o)
 .data          0x0000000000011c40        0x0 ../speech_rec_bsp/\libhal_bsp.a(alt_sys_init.o)
 .data          0x0000000000011c40        0x0 ../speech_rec_bsp/\libhal_bsp.a(altera_avalon_jtag_uart_read.o)
 .data          0x0000000000011c40        0x0 ../speech_rec_bsp/\libhal_bsp.a(altera_avalon_jtag_uart_write.o)
 .data          0x0000000000011c40        0x0 ../speech_rec_bsp/\libhal_bsp.a(alt_dcache_flush_all.o)
 .data          0x0000000000011c40       0x58 ../speech_rec_bsp/\libhal_bsp.a(alt_dev.o)
                0x0000000000011c40                alt_fd_list
                0x0000000000011c70                alt_dev_null
 .data          0x0000000000011c98        0x0 ../speech_rec_bsp/\libhal_bsp.a(alt_icache_flush_all.o)
 .data          0x0000000000011c98        0x0 ../speech_rec_bsp/\libhal_bsp.a(altera_nios2_gen2_irq.o)
                0x0000000000019c98                _gp = ABSOLUTE ((. + 0x8000))
                [!provide]                        PROVIDE (gp, _gp)
 *(.rwdata .rwdata.*)
 *(.sdata .sdata.* .gnu.linkonce.s.*)
 .sdata         0x0000000000011c98        0x4 obj/default/hello_world_small.o
                0x0000000000011c98                timer
 .sdata._global_impure_ptr
                0x0000000000011c9c        0x4 c:/intelfpga_lite/18.1/nios2eds/bin/gnu/h-x86_64-mingw32/bin/../lib/gcc/nios2-elf/5.3.0/../../../../../H-x86_64-mingw32/nios2-elf/lib/mno-hw-mul\libsmallc.a(lib_a-impure.o)
                0x0000000000011c9c                _global_impure_ptr
 .sdata._impure_ptr
                0x0000000000011ca0        0x4 c:/intelfpga_lite/18.1/nios2eds/bin/gnu/h-x86_64-mingw32/bin/../lib/gcc/nios2-elf/5.3.0/../../../../../H-x86_64-mingw32/nios2-elf/lib/mno-hw-mul\libsmallc.a(lib_a-impure.o)
                0x0000000000011ca0                _impure_ptr
 .sdata         0x0000000000011ca4        0x4 ../speech_rec_bsp/\libhal_bsp.a(alt_sys_init.o)
                0x0000000000011ca4                jtag_uart
 .sdata         0x0000000000011ca8       0x14 ../speech_rec_bsp/\libhal_bsp.a(alt_dev.o)
                0x0000000000011ca8                alt_max_fd
                0x0000000000011cac                alt_dev_list
                0x0000000000011cb4                alt_fs_list
 *(.sdata2 .sdata2.* .gnu.linkonce.s2.*)
                0x0000000000011cbc                . = ALIGN (0x4)
                0x0000000000011cbc                _edata = ABSOLUTE (.)
                [!provide]                        PROVIDE (edata, ABSOLUTE (.))
                0x0000000000011cbc                PROVIDE (__ram_rwdata_end, ABSOLUTE (.))
                0x0000000000011cbc                PROVIDE (__flash_rwdata_start, LOADADDR (.rwdata))

.bss            0x0000000000011e18      0x344
                0x0000000000011e18                __bss_start = ABSOLUTE (.)
                [!provide]                        PROVIDE (__sbss_start, ABSOLUTE (.))
                [!provide]                        PROVIDE (___sbss_start, ABSOLUTE (.))
 *(.dynsbss)
 *(.sbss .sbss.* .gnu.linkonce.sb.*)
 .sbss          0x0000000000011e18       0x38 obj/default/hello_world_small.o
                0x0000000000011e18                pause
                0x0000000000011e1c                dancing
                0x0000000000011e20                disp_off
                0x0000000000011e24                reverse
                0x0000000000011e28                prevLetter
                0x0000000000011e2c                flag
                0x0000000000011e30                length
                0x0000000000011e34                dance_dir
                0x0000000000011e38                slowdown_toggle
                0x0000000000011e3c                toggle
                0x0000000000011e40                speedup_toggle
                0x0000000000011e44                upsideDown
                0x0000000000011e48                dance_state
                0x0000000000011e4c                re_enter
 .sbss          0x0000000000011e50        0xc ../speech_rec_bsp/\libhal_bsp.a(alt_main.o)
                0x0000000000011e50                alt_envp
                0x0000000000011e54                alt_argv
                0x0000000000011e58                alt_argc
 *(.sbss2 .sbss2.* .gnu.linkonce.sb2.*)
 *(.scommon)
                [!provide]                        PROVIDE (__sbss_end, ABSOLUTE (.))
                [!provide]                        PROVIDE (___sbss_end, ABSOLUTE (.))
 *(.dynbss)
 *(.bss .bss.* .gnu.linkonce.b.*)
 .bss           0x0000000000011e5c        0x0 ../speech_rec_bsp//obj/HAL/src/crt0.o
 .bss           0x0000000000011e5c        0x0 obj/default/hello_world_small.o
 .bss           0x0000000000011e5c        0x0 c:/intelfpga_lite/18.1/nios2eds/bin/gnu/h-x86_64-mingw32/bin/../lib/gcc/nios2-elf/5.3.0/mno-hw-mul\libgcc.a(lib2-divmod.o)
 .bss           0x0000000000011e5c        0x0 c:/intelfpga_lite/18.1/nios2eds/bin/gnu/h-x86_64-mingw32/bin/../lib/gcc/nios2-elf/5.3.0/../../../../../H-x86_64-mingw32/nios2-elf/lib/mno-hw-mul\libsmallc.a(lib_a-sprintf.o)
 .bss           0x0000000000011e5c        0x0 c:/intelfpga_lite/18.1/nios2eds/bin/gnu/h-x86_64-mingw32/bin/../lib/gcc/nios2-elf/5.3.0/../../../../../H-x86_64-mingw32/nios2-elf/lib/mno-hw-mul\libsmallc.a(lib_a-strcpy.o)
 .bss           0x0000000000011e5c        0x0 c:/intelfpga_lite/18.1/nios2eds/bin/gnu/h-x86_64-mingw32/bin/../lib/gcc/nios2-elf/5.3.0/../../../../../H-x86_64-mingw32/nios2-elf/lib/mno-hw-mul\libsmallc.a(lib_a-strlen.o)
 .bss           0x0000000000011e5c        0x0 c:/intelfpga_lite/18.1/nios2eds/bin/gnu/h-x86_64-mingw32/bin/../lib/gcc/nios2-elf/5.3.0/../../../../../H-x86_64-mingw32/nios2-elf/lib/mno-hw-mul\libsmallc.a(lib_a-svfprintf.o)
 .bss           0x0000000000011e5c        0x0 c:/intelfpga_lite/18.1/nios2eds/bin/gnu/h-x86_64-mingw32/bin/../lib/gcc/nios2-elf/5.3.0/../../../../../H-x86_64-mingw32/nios2-elf/lib/mno-hw-mul\libsmallc.a(lib_a-fvwrite_small_str.o)
 .bss           0x0000000000011e5c        0x0 c:/intelfpga_lite/18.1/nios2eds/bin/gnu/h-x86_64-mingw32/bin/../lib/gcc/nios2-elf/5.3.0/../../../../../H-x86_64-mingw32/nios2-elf/lib/mno-hw-mul\libsmallc.a(lib_a-impure.o)
 .bss           0x0000000000011e5c        0x0 c:/intelfpga_lite/18.1/nios2eds/bin/gnu/h-x86_64-mingw32/bin/../lib/gcc/nios2-elf/5.3.0/../../../../../H-x86_64-mingw32/nios2-elf/lib/mno-hw-mul\libsmallc.a(lib_a-memmove.o)
 .bss           0x0000000000011e5c        0x0 c:/intelfpga_lite/18.1/nios2eds/bin/gnu/h-x86_64-mingw32/bin/../lib/gcc/nios2-elf/5.3.0/mno-hw-mul\libgcc.a(lib2-mul.o)
 .bss           0x0000000000011e5c        0x0 ../speech_rec_bsp/\libhal_bsp.a(alt_getchar.o)
 .bss           0x0000000000011e5c        0x0 ../speech_rec_bsp/\libhal_bsp.a(alt_load.o)
 .bss           0x0000000000011e5c        0x0 ../speech_rec_bsp/\libhal_bsp.a(alt_main.o)
 .bss           0x0000000000011e5c        0x0 ../speech_rec_bsp/\libhal_bsp.a(alt_putstr.o)
 .bss           0x0000000000011e5c        0x0 ../speech_rec_bsp/\libhal_bsp.a(alt_sys_init.o)
 .bss           0x0000000000011e5c        0x0 ../speech_rec_bsp/\libhal_bsp.a(altera_avalon_jtag_uart_read.o)
 .bss           0x0000000000011e5c        0x0 ../speech_rec_bsp/\libhal_bsp.a(altera_avalon_jtag_uart_write.o)
 .bss           0x0000000000011e5c        0x0 ../speech_rec_bsp/\libhal_bsp.a(alt_dcache_flush_all.o)
 .bss           0x0000000000011e5c        0x0 ../speech_rec_bsp/\libhal_bsp.a(alt_dev.o)
 .bss           0x0000000000011e5c        0x0 ../speech_rec_bsp/\libhal_bsp.a(alt_icache_flush_all.o)
 .bss           0x0000000000011e5c        0x0 ../speech_rec_bsp/\libhal_bsp.a(altera_nios2_gen2_irq.o)
 *(COMMON)
 COMMON         0x0000000000011e5c      0x300 obj/default/hello_world_small.o
                0x0000000000011e5c                text
                0x000000000001205c                enteredText
                0x000000000001215c                . = ALIGN (0x4)
                0x000000000001215c                __bss_end = ABSOLUTE (.)

.onchip_memory  0x000000000001215c        0x0
                [!provide]                        PROVIDE (_alt_partition_onchip_memory_start, ABSOLUTE (.))
 *(.onchip_memory .onchip_memory. onchip_memory.*)
                0x000000000001215c                . = ALIGN (0x4)
                [!provide]                        PROVIDE (_alt_partition_onchip_memory_end, ABSOLUTE (.))
                0x000000000001215c                _end = ABSOLUTE (.)
                0x000000000001215c                end = ABSOLUTE (.)
                0x000000000001215c                __alt_stack_base = ABSOLUTE (.)
                [!provide]                        PROVIDE (_alt_partition_onchip_memory_load_addr, LOADADDR (.onchip_memory))

.stab
 *(.stab)

.stabstr
 *(.stabstr)

.stab.excl
 *(.stab.excl)

.stab.exclstr
 *(.stab.exclstr)

.stab.index
 *(.stab.index)

.stab.indexstr
 *(.stab.indexstr)

.comment        0x0000000000000000       0x23
 *(.comment)
 .comment       0x0000000000000000       0x23 obj/default/hello_world_small.o
                                         0x24 (size before relaxing)
 .comment       0x0000000000000023       0x24 c:/intelfpga_lite/18.1/nios2eds/bin/gnu/h-x86_64-mingw32/bin/../lib/gcc/nios2-elf/5.3.0/mno-hw-mul\libgcc.a(lib2-divmod.o)
 .comment       0x0000000000000023       0x24 c:/intelfpga_lite/18.1/nios2eds/bin/gnu/h-x86_64-mingw32/bin/../lib/gcc/nios2-elf/5.3.0/../../../../../H-x86_64-mingw32/nios2-elf/lib/mno-hw-mul\libsmallc.a(lib_a-sprintf.o)
 .comment       0x0000000000000023       0x24 c:/intelfpga_lite/18.1/nios2eds/bin/gnu/h-x86_64-mingw32/bin/../lib/gcc/nios2-elf/5.3.0/../../../../../H-x86_64-mingw32/nios2-elf/lib/mno-hw-mul\libsmallc.a(lib_a-strcpy.o)
 .comment       0x0000000000000023       0x24 c:/intelfpga_lite/18.1/nios2eds/bin/gnu/h-x86_64-mingw32/bin/../lib/gcc/nios2-elf/5.3.0/../../../../../H-x86_64-mingw32/nios2-elf/lib/mno-hw-mul\libsmallc.a(lib_a-strlen.o)
 .comment       0x0000000000000023       0x24 c:/intelfpga_lite/18.1/nios2eds/bin/gnu/h-x86_64-mingw32/bin/../lib/gcc/nios2-elf/5.3.0/../../../../../H-x86_64-mingw32/nios2-elf/lib/mno-hw-mul\libsmallc.a(lib_a-svfprintf.o)
 .comment       0x0000000000000023       0x24 c:/intelfpga_lite/18.1/nios2eds/bin/gnu/h-x86_64-mingw32/bin/../lib/gcc/nios2-elf/5.3.0/../../../../../H-x86_64-mingw32/nios2-elf/lib/mno-hw-mul\libsmallc.a(lib_a-fvwrite_small_str.o)
 .comment       0x0000000000000023       0x24 c:/intelfpga_lite/18.1/nios2eds/bin/gnu/h-x86_64-mingw32/bin/../lib/gcc/nios2-elf/5.3.0/../../../../../H-x86_64-mingw32/nios2-elf/lib/mno-hw-mul\libsmallc.a(lib_a-impure.o)
 .comment       0x0000000000000023       0x24 c:/intelfpga_lite/18.1/nios2eds/bin/gnu/h-x86_64-mingw32/bin/../lib/gcc/nios2-elf/5.3.0/../../../../../H-x86_64-mingw32/nios2-elf/lib/mno-hw-mul\libsmallc.a(lib_a-memmove.o)
 .comment       0x0000000000000023       0x24 c:/intelfpga_lite/18.1/nios2eds/bin/gnu/h-x86_64-mingw32/bin/../lib/gcc/nios2-elf/5.3.0/mno-hw-mul\libgcc.a(lib2-mul.o)
 .comment       0x0000000000000023       0x24 ../speech_rec_bsp/\libhal_bsp.a(alt_getchar.o)
 .comment       0x0000000000000023       0x24 ../speech_rec_bsp/\libhal_bsp.a(alt_load.o)
 .comment       0x0000000000000023       0x24 ../speech_rec_bsp/\libhal_bsp.a(alt_main.o)
 .comment       0x0000000000000023       0x24 ../speech_rec_bsp/\libhal_bsp.a(alt_putstr.o)
 .comment       0x0000000000000023       0x24 ../speech_rec_bsp/\libhal_bsp.a(alt_sys_init.o)
 .comment       0x0000000000000023       0x24 ../speech_rec_bsp/\libhal_bsp.a(altera_avalon_jtag_uart_read.o)
 .comment       0x0000000000000023       0x24 ../speech_rec_bsp/\libhal_bsp.a(altera_avalon_jtag_uart_write.o)
 .comment       0x0000000000000023       0x24 ../speech_rec_bsp/\libhal_bsp.a(alt_dcache_flush_all.o)
 .comment       0x0000000000000023       0x24 ../speech_rec_bsp/\libhal_bsp.a(alt_dev.o)
 .comment       0x0000000000000023       0x24 ../speech_rec_bsp/\libhal_bsp.a(alt_icache_flush_all.o)
 .comment       0x0000000000000023       0x24 ../speech_rec_bsp/\libhal_bsp.a(altera_nios2_gen2_irq.o)

.debug
 *(.debug)

.line
 *(.line)

.debug_srcinfo
 *(.debug_srcinfo)

.debug_sfnames
 *(.debug_sfnames)

.debug_aranges  0x0000000000000000      0x2e0
 *(.debug_aranges)
 .debug_aranges
                0x0000000000000000       0x28 ../speech_rec_bsp//obj/HAL/src/crt0.o
 .debug_aranges
                0x0000000000000028       0x28 obj/default/hello_world_small.o
 .debug_aranges
                0x0000000000000050       0x20 c:/intelfpga_lite/18.1/nios2eds/bin/gnu/h-x86_64-mingw32/bin/../lib/gcc/nios2-elf/5.3.0/mno-hw-mul\libgcc.a(lib2-divmod.o)
 .debug_aranges
                0x0000000000000070       0x28 c:/intelfpga_lite/18.1/nios2eds/bin/gnu/h-x86_64-mingw32/bin/../lib/gcc/nios2-elf/5.3.0/../../../../../H-x86_64-mingw32/nios2-elf/lib/mno-hw-mul\libsmallc.a(lib_a-sprintf.o)
 .debug_aranges
                0x0000000000000098       0x20 c:/intelfpga_lite/18.1/nios2eds/bin/gnu/h-x86_64-mingw32/bin/../lib/gcc/nios2-elf/5.3.0/../../../../../H-x86_64-mingw32/nios2-elf/lib/mno-hw-mul\libsmallc.a(lib_a-strcpy.o)
 .debug_aranges
                0x00000000000000b8       0x20 c:/intelfpga_lite/18.1/nios2eds/bin/gnu/h-x86_64-mingw32/bin/../lib/gcc/nios2-elf/5.3.0/../../../../../H-x86_64-mingw32/nios2-elf/lib/mno-hw-mul\libsmallc.a(lib_a-strlen.o)
 .debug_aranges
                0x00000000000000d8       0x30 c:/intelfpga_lite/18.1/nios2eds/bin/gnu/h-x86_64-mingw32/bin/../lib/gcc/nios2-elf/5.3.0/../../../../../H-x86_64-mingw32/nios2-elf/lib/mno-hw-mul\libsmallc.a(lib_a-svfprintf.o)
 .debug_aranges
                0x0000000000000108       0x20 c:/intelfpga_lite/18.1/nios2eds/bin/gnu/h-x86_64-mingw32/bin/../lib/gcc/nios2-elf/5.3.0/../../../../../H-x86_64-mingw32/nios2-elf/lib/mno-hw-mul\libsmallc.a(lib_a-fvwrite_small_str.o)
 .debug_aranges
                0x0000000000000128       0x18 c:/intelfpga_lite/18.1/nios2eds/bin/gnu/h-x86_64-mingw32/bin/../lib/gcc/nios2-elf/5.3.0/../../../../../H-x86_64-mingw32/nios2-elf/lib/mno-hw-mul\libsmallc.a(lib_a-impure.o)
 .debug_aranges
                0x0000000000000140       0x20 c:/intelfpga_lite/18.1/nios2eds/bin/gnu/h-x86_64-mingw32/bin/../lib/gcc/nios2-elf/5.3.0/../../../../../H-x86_64-mingw32/nios2-elf/lib/mno-hw-mul\libsmallc.a(lib_a-memmove.o)
 .debug_aranges
                0x0000000000000160       0x20 c:/intelfpga_lite/18.1/nios2eds/bin/gnu/h-x86_64-mingw32/bin/../lib/gcc/nios2-elf/5.3.0/mno-hw-mul\libgcc.a(lib2-mul.o)
 .debug_aranges
                0x0000000000000180       0x20 ../speech_rec_bsp/\libhal_bsp.a(alt_getchar.o)
 .debug_aranges
                0x00000000000001a0       0x20 ../speech_rec_bsp/\libhal_bsp.a(alt_load.o)
 .debug_aranges
                0x00000000000001c0       0x20 ../speech_rec_bsp/\libhal_bsp.a(alt_main.o)
 .debug_aranges
                0x00000000000001e0       0x20 ../speech_rec_bsp/\libhal_bsp.a(alt_putstr.o)
 .debug_aranges
                0x0000000000000200       0x20 ../speech_rec_bsp/\libhal_bsp.a(alt_sys_init.o)
 .debug_aranges
                0x0000000000000220       0x20 ../speech_rec_bsp/\libhal_bsp.a(altera_avalon_jtag_uart_read.o)
 .debug_aranges
                0x0000000000000240       0x20 ../speech_rec_bsp/\libhal_bsp.a(altera_avalon_jtag_uart_write.o)
 .debug_aranges
                0x0000000000000260       0x20 ../speech_rec_bsp/\libhal_bsp.a(alt_dcache_flush_all.o)
 .debug_aranges
                0x0000000000000280       0x20 ../speech_rec_bsp/\libhal_bsp.a(alt_dev.o)
 .debug_aranges
                0x00000000000002a0       0x20 ../speech_rec_bsp/\libhal_bsp.a(alt_icache_flush_all.o)
 .debug_aranges
                0x00000000000002c0       0x20 ../speech_rec_bsp/\libhal_bsp.a(altera_nios2_gen2_irq.o)

.debug_pubnames
 *(.debug_pubnames)

.debug_info     0x0000000000000000     0x46e3
 *(.debug_info .gnu.linkonce.wi.*)
 .debug_info    0x0000000000000000       0x89 ../speech_rec_bsp//obj/HAL/src/crt0.o
 .debug_info    0x0000000000000089      0xdd4 obj/default/hello_world_small.o
 .debug_info    0x0000000000000e5d      0x2c6 c:/intelfpga_lite/18.1/nios2eds/bin/gnu/h-x86_64-mingw32/bin/../lib/gcc/nios2-elf/5.3.0/mno-hw-mul\libgcc.a(lib2-divmod.o)
 .debug_info    0x0000000000001123      0x7d9 c:/intelfpga_lite/18.1/nios2eds/bin/gnu/h-x86_64-mingw32/bin/../lib/gcc/nios2-elf/5.3.0/../../../../../H-x86_64-mingw32/nios2-elf/lib/mno-hw-mul\libsmallc.a(lib_a-sprintf.o)
 .debug_info    0x00000000000018fc       0xd3 c:/intelfpga_lite/18.1/nios2eds/bin/gnu/h-x86_64-mingw32/bin/../lib/gcc/nios2-elf/5.3.0/../../../../../H-x86_64-mingw32/nios2-elf/lib/mno-hw-mul\libsmallc.a(lib_a-strcpy.o)
 .debug_info    0x00000000000019cf       0xc9 c:/intelfpga_lite/18.1/nios2eds/bin/gnu/h-x86_64-mingw32/bin/../lib/gcc/nios2-elf/5.3.0/../../../../../H-x86_64-mingw32/nios2-elf/lib/mno-hw-mul\libsmallc.a(lib_a-strlen.o)
 .debug_info    0x0000000000001a98      0xb2b c:/intelfpga_lite/18.1/nios2eds/bin/gnu/h-x86_64-mingw32/bin/../lib/gcc/nios2-elf/5.3.0/../../../../../H-x86_64-mingw32/nios2-elf/lib/mno-hw-mul\libsmallc.a(lib_a-svfprintf.o)
 .debug_info    0x00000000000025c3      0x700 c:/intelfpga_lite/18.1/nios2eds/bin/gnu/h-x86_64-mingw32/bin/../lib/gcc/nios2-elf/5.3.0/../../../../../H-x86_64-mingw32/nios2-elf/lib/mno-hw-mul\libsmallc.a(lib_a-fvwrite_small_str.o)
 .debug_info    0x0000000000002cc3      0x5a9 c:/intelfpga_lite/18.1/nios2eds/bin/gnu/h-x86_64-mingw32/bin/../lib/gcc/nios2-elf/5.3.0/../../../../../H-x86_64-mingw32/nios2-elf/lib/mno-hw-mul\libsmallc.a(lib_a-impure.o)
 .debug_info    0x000000000000326c      0x10b c:/intelfpga_lite/18.1/nios2eds/bin/gnu/h-x86_64-mingw32/bin/../lib/gcc/nios2-elf/5.3.0/../../../../../H-x86_64-mingw32/nios2-elf/lib/mno-hw-mul\libsmallc.a(lib_a-memmove.o)
 .debug_info    0x0000000000003377       0xb4 c:/intelfpga_lite/18.1/nios2eds/bin/gnu/h-x86_64-mingw32/bin/../lib/gcc/nios2-elf/5.3.0/mno-hw-mul\libgcc.a(lib2-mul.o)
 .debug_info    0x000000000000342b      0x32d ../speech_rec_bsp/\libhal_bsp.a(alt_getchar.o)
 .debug_info    0x0000000000003758      0x1c9 ../speech_rec_bsp/\libhal_bsp.a(alt_load.o)
 .debug_info    0x0000000000003921      0x169 ../speech_rec_bsp/\libhal_bsp.a(alt_main.o)
 .debug_info    0x0000000000003a8a      0x13a ../speech_rec_bsp/\libhal_bsp.a(alt_putstr.o)
 .debug_info    0x0000000000003bc4      0x185 ../speech_rec_bsp/\libhal_bsp.a(alt_sys_init.o)
 .debug_info    0x0000000000003d49      0x1b4 ../speech_rec_bsp/\libhal_bsp.a(altera_avalon_jtag_uart_read.o)
 .debug_info    0x0000000000003efd      0x197 ../speech_rec_bsp/\libhal_bsp.a(altera_avalon_jtag_uart_write.o)
 .debug_info    0x0000000000004094       0x92 ../speech_rec_bsp/\libhal_bsp.a(alt_dcache_flush_all.o)
 .debug_info    0x0000000000004126      0x499 ../speech_rec_bsp/\libhal_bsp.a(alt_dev.o)
 .debug_info    0x00000000000045bf       0x92 ../speech_rec_bsp/\libhal_bsp.a(alt_icache_flush_all.o)
 .debug_info    0x0000000000004651       0x92 ../speech_rec_bsp/\libhal_bsp.a(altera_nios2_gen2_irq.o)

.debug_abbrev   0x0000000000000000     0x15cc
 *(.debug_abbrev)
 .debug_abbrev  0x0000000000000000       0x12 ../speech_rec_bsp//obj/HAL/src/crt0.o
 .debug_abbrev  0x0000000000000012      0x314 obj/default/hello_world_small.o
 .debug_abbrev  0x0000000000000326      0x10e c:/intelfpga_lite/18.1/nios2eds/bin/gnu/h-x86_64-mingw32/bin/../lib/gcc/nios2-elf/5.3.0/mno-hw-mul\libgcc.a(lib2-divmod.o)
 .debug_abbrev  0x0000000000000434      0x1d8 c:/intelfpga_lite/18.1/nios2eds/bin/gnu/h-x86_64-mingw32/bin/../lib/gcc/nios2-elf/5.3.0/../../../../../H-x86_64-mingw32/nios2-elf/lib/mno-hw-mul\libsmallc.a(lib_a-sprintf.o)
 .debug_abbrev  0x000000000000060c       0x72 c:/intelfpga_lite/18.1/nios2eds/bin/gnu/h-x86_64-mingw32/bin/../lib/gcc/nios2-elf/5.3.0/../../../../../H-x86_64-mingw32/nios2-elf/lib/mno-hw-mul\libsmallc.a(lib_a-strcpy.o)
 .debug_abbrev  0x000000000000067e       0x7f c:/intelfpga_lite/18.1/nios2eds/bin/gnu/h-x86_64-mingw32/bin/../lib/gcc/nios2-elf/5.3.0/../../../../../H-x86_64-mingw32/nios2-elf/lib/mno-hw-mul\libsmallc.a(lib_a-strlen.o)
 .debug_abbrev  0x00000000000006fd      0x2a1 c:/intelfpga_lite/18.1/nios2eds/bin/gnu/h-x86_64-mingw32/bin/../lib/gcc/nios2-elf/5.3.0/../../../../../H-x86_64-mingw32/nios2-elf/lib/mno-hw-mul\libsmallc.a(lib_a-svfprintf.o)
 .debug_abbrev  0x000000000000099e      0x1b5 c:/intelfpga_lite/18.1/nios2eds/bin/gnu/h-x86_64-mingw32/bin/../lib/gcc/nios2-elf/5.3.0/../../../../../H-x86_64-mingw32/nios2-elf/lib/mno-hw-mul\libsmallc.a(lib_a-fvwrite_small_str.o)
 .debug_abbrev  0x0000000000000b53      0x14a c:/intelfpga_lite/18.1/nios2eds/bin/gnu/h-x86_64-mingw32/bin/../lib/gcc/nios2-elf/5.3.0/../../../../../H-x86_64-mingw32/nios2-elf/lib/mno-hw-mul\libsmallc.a(lib_a-impure.o)
 .debug_abbrev  0x0000000000000c9d       0x8d c:/intelfpga_lite/18.1/nios2eds/bin/gnu/h-x86_64-mingw32/bin/../lib/gcc/nios2-elf/5.3.0/../../../../../H-x86_64-mingw32/nios2-elf/lib/mno-hw-mul\libsmallc.a(lib_a-memmove.o)
 .debug_abbrev  0x0000000000000d2a       0x6f c:/intelfpga_lite/18.1/nios2eds/bin/gnu/h-x86_64-mingw32/bin/../lib/gcc/nios2-elf/5.3.0/mno-hw-mul\libgcc.a(lib2-mul.o)
 .debug_abbrev  0x0000000000000d99      0x11d ../speech_rec_bsp/\libhal_bsp.a(alt_getchar.o)
 .debug_abbrev  0x0000000000000eb6       0xd8 ../speech_rec_bsp/\libhal_bsp.a(alt_load.o)
 .debug_abbrev  0x0000000000000f8e       0xee ../speech_rec_bsp/\libhal_bsp.a(alt_main.o)
 .debug_abbrev  0x000000000000107c       0xd3 ../speech_rec_bsp/\libhal_bsp.a(alt_putstr.o)
 .debug_abbrev  0x000000000000114f      0x107 ../speech_rec_bsp/\libhal_bsp.a(alt_sys_init.o)
 .debug_abbrev  0x0000000000001256      0x102 ../speech_rec_bsp/\libhal_bsp.a(altera_avalon_jtag_uart_read.o)
 .debug_abbrev  0x0000000000001358       0xd5 ../speech_rec_bsp/\libhal_bsp.a(altera_avalon_jtag_uart_write.o)
 .debug_abbrev  0x000000000000142d       0x42 ../speech_rec_bsp/\libhal_bsp.a(alt_dcache_flush_all.o)
 .debug_abbrev  0x000000000000146f       0xd9 ../speech_rec_bsp/\libhal_bsp.a(alt_dev.o)
 .debug_abbrev  0x0000000000001548       0x42 ../speech_rec_bsp/\libhal_bsp.a(alt_icache_flush_all.o)
 .debug_abbrev  0x000000000000158a       0x42 ../speech_rec_bsp/\libhal_bsp.a(altera_nios2_gen2_irq.o)

.debug_line     0x0000000000000000     0x18dc
 *(.debug_line)
 .debug_line    0x0000000000000000       0x66 ../speech_rec_bsp//obj/HAL/src/crt0.o
 .debug_line    0x0000000000000066      0x30d obj/default/hello_world_small.o
 .debug_line    0x0000000000000373      0x105 c:/intelfpga_lite/18.1/nios2eds/bin/gnu/h-x86_64-mingw32/bin/../lib/gcc/nios2-elf/5.3.0/mno-hw-mul\libgcc.a(lib2-divmod.o)
 .debug_line    0x0000000000000478      0x210 c:/intelfpga_lite/18.1/nios2eds/bin/gnu/h-x86_64-mingw32/bin/../lib/gcc/nios2-elf/5.3.0/../../../../../H-x86_64-mingw32/nios2-elf/lib/mno-hw-mul\libsmallc.a(lib_a-sprintf.o)
 .debug_line    0x0000000000000688       0xe2 c:/intelfpga_lite/18.1/nios2eds/bin/gnu/h-x86_64-mingw32/bin/../lib/gcc/nios2-elf/5.3.0/../../../../../H-x86_64-mingw32/nios2-elf/lib/mno-hw-mul\libsmallc.a(lib_a-strcpy.o)
 .debug_line    0x000000000000076a      0x15c c:/intelfpga_lite/18.1/nios2eds/bin/gnu/h-x86_64-mingw32/bin/../lib/gcc/nios2-elf/5.3.0/../../../../../H-x86_64-mingw32/nios2-elf/lib/mno-hw-mul\libsmallc.a(lib_a-strlen.o)
 .debug_line    0x00000000000008c6      0x351 c:/intelfpga_lite/18.1/nios2eds/bin/gnu/h-x86_64-mingw32/bin/../lib/gcc/nios2-elf/5.3.0/../../../../../H-x86_64-mingw32/nios2-elf/lib/mno-hw-mul\libsmallc.a(lib_a-svfprintf.o)
 .debug_line    0x0000000000000c17      0x1fe c:/intelfpga_lite/18.1/nios2eds/bin/gnu/h-x86_64-mingw32/bin/../lib/gcc/nios2-elf/5.3.0/../../../../../H-x86_64-mingw32/nios2-elf/lib/mno-hw-mul\libsmallc.a(lib_a-fvwrite_small_str.o)
 .debug_line    0x0000000000000e15      0x156 c:/intelfpga_lite/18.1/nios2eds/bin/gnu/h-x86_64-mingw32/bin/../lib/gcc/nios2-elf/5.3.0/../../../../../H-x86_64-mingw32/nios2-elf/lib/mno-hw-mul\libsmallc.a(lib_a-impure.o)
 .debug_line    0x0000000000000f6b      0x16b c:/intelfpga_lite/18.1/nios2eds/bin/gnu/h-x86_64-mingw32/bin/../lib/gcc/nios2-elf/5.3.0/../../../../../H-x86_64-mingw32/nios2-elf/lib/mno-hw-mul\libsmallc.a(lib_a-memmove.o)
 .debug_line    0x00000000000010d6       0x80 c:/intelfpga_lite/18.1/nios2eds/bin/gnu/h-x86_64-mingw32/bin/../lib/gcc/nios2-elf/5.3.0/mno-hw-mul\libgcc.a(lib2-mul.o)
 .debug_line    0x0000000000001156       0xb7 ../speech_rec_bsp/\libhal_bsp.a(alt_getchar.o)
 .debug_line    0x000000000000120d       0xa4 ../speech_rec_bsp/\libhal_bsp.a(alt_load.o)
 .debug_line    0x00000000000012b1       0xbd ../speech_rec_bsp/\libhal_bsp.a(alt_main.o)
 .debug_line    0x000000000000136e       0xa0 ../speech_rec_bsp/\libhal_bsp.a(alt_putstr.o)
 .debug_line    0x000000000000140e      0x101 ../speech_rec_bsp/\libhal_bsp.a(alt_sys_init.o)
 .debug_line    0x000000000000150f       0xfb ../speech_rec_bsp/\libhal_bsp.a(altera_avalon_jtag_uart_read.o)
 .debug_line    0x000000000000160a       0xf0 ../speech_rec_bsp/\libhal_bsp.a(altera_avalon_jtag_uart_write.o)
 .debug_line    0x00000000000016fa       0x4e ../speech_rec_bsp/\libhal_bsp.a(alt_dcache_flush_all.o)
 .debug_line    0x0000000000001748       0xf6 ../speech_rec_bsp/\libhal_bsp.a(alt_dev.o)
 .debug_line    0x000000000000183e       0x4e ../speech_rec_bsp/\libhal_bsp.a(alt_icache_flush_all.o)
 .debug_line    0x000000000000188c       0x50 ../speech_rec_bsp/\libhal_bsp.a(altera_nios2_gen2_irq.o)

.debug_frame    0x0000000000000000      0x5d8
 *(.debug_frame)
 .debug_frame   0x0000000000000000      0x23c obj/default/hello_world_small.o
 .debug_frame   0x000000000000023c       0x50 c:/intelfpga_lite/18.1/nios2eds/bin/gnu/h-x86_64-mingw32/bin/../lib/gcc/nios2-elf/5.3.0/mno-hw-mul\libgcc.a(lib2-divmod.o)
 .debug_frame   0x000000000000028c       0x48 c:/intelfpga_lite/18.1/nios2eds/bin/gnu/h-x86_64-mingw32/bin/../lib/gcc/nios2-elf/5.3.0/../../../../../H-x86_64-mingw32/nios2-elf/lib/mno-hw-mul\libsmallc.a(lib_a-sprintf.o)
 .debug_frame   0x00000000000002d4       0x20 c:/intelfpga_lite/18.1/nios2eds/bin/gnu/h-x86_64-mingw32/bin/../lib/gcc/nios2-elf/5.3.0/../../../../../H-x86_64-mingw32/nios2-elf/lib/mno-hw-mul\libsmallc.a(lib_a-strcpy.o)
 .debug_frame   0x00000000000002f4       0x20 c:/intelfpga_lite/18.1/nios2eds/bin/gnu/h-x86_64-mingw32/bin/../lib/gcc/nios2-elf/5.3.0/../../../../../H-x86_64-mingw32/nios2-elf/lib/mno-hw-mul\libsmallc.a(lib_a-strlen.o)
 .debug_frame   0x0000000000000314       0x8c c:/intelfpga_lite/18.1/nios2eds/bin/gnu/h-x86_64-mingw32/bin/../lib/gcc/nios2-elf/5.3.0/../../../../../H-x86_64-mingw32/nios2-elf/lib/mno-hw-mul\libsmallc.a(lib_a-svfprintf.o)
 .debug_frame   0x00000000000003a0       0x44 c:/intelfpga_lite/18.1/nios2eds/bin/gnu/h-x86_64-mingw32/bin/../lib/gcc/nios2-elf/5.3.0/../../../../../H-x86_64-mingw32/nios2-elf/lib/mno-hw-mul\libsmallc.a(lib_a-fvwrite_small_str.o)
 .debug_frame   0x00000000000003e4       0x20 c:/intelfpga_lite/18.1/nios2eds/bin/gnu/h-x86_64-mingw32/bin/../lib/gcc/nios2-elf/5.3.0/../../../../../H-x86_64-mingw32/nios2-elf/lib/mno-hw-mul\libsmallc.a(lib_a-memmove.o)
 .debug_frame   0x0000000000000404       0x20 c:/intelfpga_lite/18.1/nios2eds/bin/gnu/h-x86_64-mingw32/bin/../lib/gcc/nios2-elf/5.3.0/mno-hw-mul\libgcc.a(lib2-mul.o)
 .debug_frame   0x0000000000000424       0x2c ../speech_rec_bsp/\libhal_bsp.a(alt_getchar.o)
 .debug_frame   0x0000000000000450       0x30 ../speech_rec_bsp/\libhal_bsp.a(alt_load.o)
 .debug_frame   0x0000000000000480       0x2c ../speech_rec_bsp/\libhal_bsp.a(alt_main.o)
 .debug_frame   0x00000000000004ac       0x30 ../speech_rec_bsp/\libhal_bsp.a(alt_putstr.o)
 .debug_frame   0x00000000000004dc       0x3c ../speech_rec_bsp/\libhal_bsp.a(alt_sys_init.o)
 .debug_frame   0x0000000000000518       0x20 ../speech_rec_bsp/\libhal_bsp.a(altera_avalon_jtag_uart_read.o)
 .debug_frame   0x0000000000000538       0x20 ../speech_rec_bsp/\libhal_bsp.a(altera_avalon_jtag_uart_write.o)
 .debug_frame   0x0000000000000558       0x20 ../speech_rec_bsp/\libhal_bsp.a(alt_dcache_flush_all.o)
 .debug_frame   0x0000000000000578       0x20 ../speech_rec_bsp/\libhal_bsp.a(alt_dev.o)
 .debug_frame   0x0000000000000598       0x20 ../speech_rec_bsp/\libhal_bsp.a(alt_icache_flush_all.o)
 .debug_frame   0x00000000000005b8       0x20 ../speech_rec_bsp/\libhal_bsp.a(altera_nios2_gen2_irq.o)

.debug_str      0x0000000000000000     0x13e5
 *(.debug_str)
 .debug_str     0x0000000000000000      0x3bb obj/default/hello_world_small.o
                                        0x41e (size before relaxing)
 .debug_str     0x00000000000003bb      0x187 c:/intelfpga_lite/18.1/nios2eds/bin/gnu/h-x86_64-mingw32/bin/../lib/gcc/nios2-elf/5.3.0/mno-hw-mul\libgcc.a(lib2-divmod.o)
                                        0x1d2 (size before relaxing)
 .debug_str     0x0000000000000542      0x442 c:/intelfpga_lite/18.1/nios2eds/bin/gnu/h-x86_64-mingw32/bin/../lib/gcc/nios2-elf/5.3.0/../../../../../H-x86_64-mingw32/nios2-elf/lib/mno-hw-mul\libsmallc.a(lib_a-sprintf.o)
                                        0x529 (size before relaxing)
 .debug_str     0x0000000000000984       0xdc c:/intelfpga_lite/18.1/nios2eds/bin/gnu/h-x86_64-mingw32/bin/../lib/gcc/nios2-elf/5.3.0/../../../../../H-x86_64-mingw32/nios2-elf/lib/mno-hw-mul\libsmallc.a(lib_a-strcpy.o)
                                        0x1e2 (size before relaxing)
 .debug_str     0x0000000000000a60       0x44 c:/intelfpga_lite/18.1/nios2eds/bin/gnu/h-x86_64-mingw32/bin/../lib/gcc/nios2-elf/5.3.0/../../../../../H-x86_64-mingw32/nios2-elf/lib/mno-hw-mul\libsmallc.a(lib_a-strlen.o)
                                        0x1e5 (size before relaxing)
 .debug_str     0x0000000000000aa4      0x213 c:/intelfpga_lite/18.1/nios2eds/bin/gnu/h-x86_64-mingw32/bin/../lib/gcc/nios2-elf/5.3.0/../../../../../H-x86_64-mingw32/nios2-elf/lib/mno-hw-mul\libsmallc.a(lib_a-svfprintf.o)
                                        0x687 (size before relaxing)
 .debug_str     0x0000000000000cb7       0x64 c:/intelfpga_lite/18.1/nios2eds/bin/gnu/h-x86_64-mingw32/bin/../lib/gcc/nios2-elf/5.3.0/../../../../../H-x86_64-mingw32/nios2-elf/lib/mno-hw-mul\libsmallc.a(lib_a-fvwrite_small_str.o)
                                        0x4f7 (size before relaxing)
 .debug_str     0x0000000000000d1b       0xef c:/intelfpga_lite/18.1/nios2eds/bin/gnu/h-x86_64-mingw32/bin/../lib/gcc/nios2-elf/5.3.0/../../../../../H-x86_64-mingw32/nios2-elf/lib/mno-hw-mul\libsmallc.a(lib_a-impure.o)
                                        0x4be (size before relaxing)
 .debug_str     0x0000000000000e0a       0x50 c:/intelfpga_lite/18.1/nios2eds/bin/gnu/h-x86_64-mingw32/bin/../lib/gcc/nios2-elf/5.3.0/../../../../../H-x86_64-mingw32/nios2-elf/lib/mno-hw-mul\libsmallc.a(lib_a-memmove.o)
                                        0x1fa (size before relaxing)
 .debug_str     0x0000000000000e5a       0x40 c:/intelfpga_lite/18.1/nios2eds/bin/gnu/h-x86_64-mingw32/bin/../lib/gcc/nios2-elf/5.3.0/mno-hw-mul\libgcc.a(lib2-mul.o)
                                        0x193 (size before relaxing)
 .debug_str     0x0000000000000e9a      0x13c ../speech_rec_bsp/\libhal_bsp.a(alt_getchar.o)
                                        0x251 (size before relaxing)
 .debug_str     0x0000000000000fd6      0x11b ../speech_rec_bsp/\libhal_bsp.a(alt_load.o)
                                        0x257 (size before relaxing)
 .debug_str     0x00000000000010f1       0x5e ../speech_rec_bsp/\libhal_bsp.a(alt_main.o)
                                        0x1d0 (size before relaxing)
 .debug_str     0x000000000000114f       0x33 ../speech_rec_bsp/\libhal_bsp.a(alt_putstr.o)
                                        0x1ab (size before relaxing)
 .debug_str     0x0000000000001182       0x81 ../speech_rec_bsp/\libhal_bsp.a(alt_sys_init.o)
                                        0x23f (size before relaxing)
 .debug_str     0x0000000000001203       0x38 ../speech_rec_bsp/\libhal_bsp.a(altera_avalon_jtag_uart_read.o)
                                        0x23a (size before relaxing)
 .debug_str     0x000000000000123b       0x2c ../speech_rec_bsp/\libhal_bsp.a(altera_avalon_jtag_uart_write.o)
                                        0x230 (size before relaxing)
 .debug_str     0x0000000000001267       0x1f ../speech_rec_bsp/\libhal_bsp.a(alt_dcache_flush_all.o)
                                        0x170 (size before relaxing)
 .debug_str     0x0000000000001286      0x120 ../speech_rec_bsp/\libhal_bsp.a(alt_dev.o)
                                        0x320 (size before relaxing)
 .debug_str     0x00000000000013a6       0x1f ../speech_rec_bsp/\libhal_bsp.a(alt_icache_flush_all.o)
                                        0x170 (size before relaxing)
 .debug_str     0x00000000000013c5       0x20 ../speech_rec_bsp/\libhal_bsp.a(altera_nios2_gen2_irq.o)
                                        0x177 (size before relaxing)

.debug_loc      0x0000000000000000     0x2220
 *(.debug_loc)
 .debug_loc     0x0000000000000000      0xcf9 obj/default/hello_world_small.o
 .debug_loc     0x0000000000000cf9      0x4ce c:/intelfpga_lite/18.1/nios2eds/bin/gnu/h-x86_64-mingw32/bin/../lib/gcc/nios2-elf/5.3.0/mno-hw-mul\libgcc.a(lib2-divmod.o)
 .debug_loc     0x00000000000011c7      0x122 c:/intelfpga_lite/18.1/nios2eds/bin/gnu/h-x86_64-mingw32/bin/../lib/gcc/nios2-elf/5.3.0/../../../../../H-x86_64-mingw32/nios2-elf/lib/mno-hw-mul\libsmallc.a(lib_a-sprintf.o)
 .debug_loc     0x00000000000012e9       0x86 c:/intelfpga_lite/18.1/nios2eds/bin/gnu/h-x86_64-mingw32/bin/../lib/gcc/nios2-elf/5.3.0/../../../../../H-x86_64-mingw32/nios2-elf/lib/mno-hw-mul\libsmallc.a(lib_a-strcpy.o)
 .debug_loc     0x000000000000136f       0x1e c:/intelfpga_lite/18.1/nios2eds/bin/gnu/h-x86_64-mingw32/bin/../lib/gcc/nios2-elf/5.3.0/../../../../../H-x86_64-mingw32/nios2-elf/lib/mno-hw-mul\libsmallc.a(lib_a-strlen.o)
 .debug_loc     0x000000000000138d      0x954 c:/intelfpga_lite/18.1/nios2eds/bin/gnu/h-x86_64-mingw32/bin/../lib/gcc/nios2-elf/5.3.0/../../../../../H-x86_64-mingw32/nios2-elf/lib/mno-hw-mul\libsmallc.a(lib_a-svfprintf.o)
 .debug_loc     0x0000000000001ce1      0x15f c:/intelfpga_lite/18.1/nios2eds/bin/gnu/h-x86_64-mingw32/bin/../lib/gcc/nios2-elf/5.3.0/../../../../../H-x86_64-mingw32/nios2-elf/lib/mno-hw-mul\libsmallc.a(lib_a-fvwrite_small_str.o)
 .debug_loc     0x0000000000001e40      0x19d c:/intelfpga_lite/18.1/nios2eds/bin/gnu/h-x86_64-mingw32/bin/../lib/gcc/nios2-elf/5.3.0/../../../../../H-x86_64-mingw32/nios2-elf/lib/mno-hw-mul\libsmallc.a(lib_a-memmove.o)
 .debug_loc     0x0000000000001fdd       0x93 c:/intelfpga_lite/18.1/nios2eds/bin/gnu/h-x86_64-mingw32/bin/../lib/gcc/nios2-elf/5.3.0/mno-hw-mul\libgcc.a(lib2-mul.o)
 .debug_loc     0x0000000000002070       0x37 ../speech_rec_bsp/\libhal_bsp.a(alt_putstr.o)
 .debug_loc     0x00000000000020a7       0x21 ../speech_rec_bsp/\libhal_bsp.a(alt_sys_init.o)
 .debug_loc     0x00000000000020c8       0xcd ../speech_rec_bsp/\libhal_bsp.a(altera_avalon_jtag_uart_read.o)
 .debug_loc     0x0000000000002195       0x8b ../speech_rec_bsp/\libhal_bsp.a(altera_avalon_jtag_uart_write.o)

.debug_macinfo
 *(.debug_macinfo)

.debug_weaknames
 *(.debug_weaknames)

.debug_funcnames
 *(.debug_funcnames)

.debug_typenames
 *(.debug_typenames)

.debug_varnames
 *(.debug_varnames)

.debug_alt_sim_info
                0x0000000000000000       0x10
 *(.debug_alt_sim_info)
 .debug_alt_sim_info
                0x0000000000000000       0x10 ../speech_rec_bsp//obj/HAL/src/crt0.o
                0x0000000000020000                __alt_data_end = 0x20000
                0x0000000000020000                PROVIDE (__alt_stack_pointer, __alt_data_end)
                [!provide]                        PROVIDE (__alt_stack_limit, __alt_stack_base)
                [!provide]                        PROVIDE (__alt_heap_start, end)
                [!provide]                        PROVIDE (__alt_heap_limit, 0x20000)
OUTPUT(speech_rec.elf elf32-littlenios2)

.debug_ranges   0x0000000000000000      0x288
 .debug_ranges  0x0000000000000000       0x20 ../speech_rec_bsp//obj/HAL/src/crt0.o
 .debug_ranges  0x0000000000000020       0x80 obj/default/hello_world_small.o
 .debug_ranges  0x00000000000000a0       0x60 c:/intelfpga_lite/18.1/nios2eds/bin/gnu/h-x86_64-mingw32/bin/../lib/gcc/nios2-elf/5.3.0/mno-hw-mul\libgcc.a(lib2-divmod.o)
 .debug_ranges  0x0000000000000100       0x18 c:/intelfpga_lite/18.1/nios2eds/bin/gnu/h-x86_64-mingw32/bin/../lib/gcc/nios2-elf/5.3.0/../../../../../H-x86_64-mingw32/nios2-elf/lib/mno-hw-mul\libsmallc.a(lib_a-sprintf.o)
 .debug_ranges  0x0000000000000118       0x10 c:/intelfpga_lite/18.1/nios2eds/bin/gnu/h-x86_64-mingw32/bin/../lib/gcc/nios2-elf/5.3.0/../../../../../H-x86_64-mingw32/nios2-elf/lib/mno-hw-mul\libsmallc.a(lib_a-strcpy.o)
 .debug_ranges  0x0000000000000128       0x10 c:/intelfpga_lite/18.1/nios2eds/bin/gnu/h-x86_64-mingw32/bin/../lib/gcc/nios2-elf/5.3.0/../../../../../H-x86_64-mingw32/nios2-elf/lib/mno-hw-mul\libsmallc.a(lib_a-strlen.o)
 .debug_ranges  0x0000000000000138       0xc8 c:/intelfpga_lite/18.1/nios2eds/bin/gnu/h-x86_64-mingw32/bin/../lib/gcc/nios2-elf/5.3.0/../../../../../H-x86_64-mingw32/nios2-elf/lib/mno-hw-mul\libsmallc.a(lib_a-svfprintf.o)
 .debug_ranges  0x0000000000000200       0x10 c:/intelfpga_lite/18.1/nios2eds/bin/gnu/h-x86_64-mingw32/bin/../lib/gcc/nios2-elf/5.3.0/../../../../../H-x86_64-mingw32/nios2-elf/lib/mno-hw-mul\libsmallc.a(lib_a-fvwrite_small_str.o)
 .debug_ranges  0x0000000000000210       0x10 c:/intelfpga_lite/18.1/nios2eds/bin/gnu/h-x86_64-mingw32/bin/../lib/gcc/nios2-elf/5.3.0/../../../../../H-x86_64-mingw32/nios2-elf/lib/mno-hw-mul\libsmallc.a(lib_a-memmove.o)
 .debug_ranges  0x0000000000000220       0x48 ../speech_rec_bsp/\libhal_bsp.a(alt_load.o)
 .debug_ranges  0x0000000000000268       0x20 ../speech_rec_bsp/\libhal_bsp.a(altera_avalon_jtag_uart_read.o)
